1
2
2
2
2
2
2
2
2
3
5
7
8
9
10
11
12
13
14
15
17
19
20
21
22
23
24
25
26
26
27
28
28
28
28
28
28
28
28
28
29
30
30
30
30
30
30
30
30
30
31
32
32
32
32
32
32
32
32
32
33
34
34
34
34
34
34
34
34
34
35
36
36
36
36
36
36
36
36
36
37
38
38
38
38
38
38
38
38
38
39
40
40
40
40
40
40
40
42
43